  fold 1: test scene1 → 16 sequences
  fold 2: test scene2 → 18 sequences
  fold 3: test scene3 → 18 sequences
  fold 4: test scene4 → 15 sequences

======================================================================
FOLD 1: test = 16 sequences
======================================================================
Computing feature normalization statistics...
Found 82 sequences (15 indoor, 67 outdoor)
Validation sequences (7): ['20201223_140951', '20201228_163656', '20201228_165713', '20211006_143020', '20211006_150312', '20211006_153440', '20211007_104356']
Using 59 sequences for train (fold 1)
  Loading sequence 1/59...
  Loading sequence 11/59...
  Loading sequence 21/59...
  Loading sequence 31/59...
  Loading sequence 41/59...
  Loading sequence 51/59...
Total samples: 89931
  Sampling 2044 windows from 89931 total...
  Camera mean: [657.9081    400.10706     5.6035924]
  Camera std:  [313.37344  126.982216   2.120338]
  Phone mean:  [ 5.1960288e+03  5.2230768e+02 -5.6857830e-01  2.5703924e+00
  9.1239243e+00  4.2913659e-03  1.5553463e-02  3.4857422e-02
 -9.8556113e-01 -1.5712263e+01 -4.6771870e+01]
  Phone std:   [3.2071035e+03 4.0861404e+02 1.6304358e+00 2.5485308e+00 2.5423872e+00
 4.8533276e-01 4.6045974e-01 7.3846340e-01 2.7341339e+01 2.7273804e+01
 2.2459333e+01]
  saved norm_stats to /Users/zstar/test/vifi/mot_baseline/data/affinity_norm_stats_loso_fold1.npz
Found 82 sequences (15 indoor, 67 outdoor)
Validation sequences (7): ['20201223_140951', '20201228_163656', '20201228_165713', '20211006_143020', '20211006_150312', '20211006_153440', '20211007_104356']
Using 59 sequences for train (fold 1)
  Loading sequence 1/59...
  Loading sequence 11/59...
  Loading sequence 21/59...
  Loading sequence 31/59...
  Loading sequence 41/59...
  Loading sequence 51/59...
Total samples: 89931
Found 82 sequences (15 indoor, 67 outdoor)
Validation sequences (7): ['20201223_140951', '20201228_163656', '20201228_165713', '20211006_143020', '20211006_150312', '20211006_153440', '20211007_104356']
Using 7 sequences for val (fold 1)
  Loading sequence 1/7...
Total samples: 8660
  train_samples=89931  val_samples=8660
  ep  1/30 train_loss=0.7761 train_acc=0.5981 val_loss=0.5563 val_acc=0.7415  [55.4s]
    new best → fold1_best_epoch1_acc0.7415.pth
  ep  2/30 train_loss=0.5886 train_acc=0.7228 val_loss=0.5293 val_acc=0.7525  [55.2s]
    new best → fold1_best_epoch2_acc0.7525.pth
  ep  3/30 train_loss=0.5631 train_acc=0.7367 val_loss=0.5131 val_acc=0.7584  [61.7s]
    new best → fold1_best_epoch3_acc0.7584.pth
  ep  4/30 train_loss=0.5480 train_acc=0.7451 val_loss=0.5035 val_acc=0.7625  [60.1s]
    new best → fold1_best_epoch4_acc0.7625.pth
  ep  5/30 train_loss=0.5363 train_acc=0.7519 val_loss=0.4908 val_acc=0.7681  [66.7s]
    new best → fold1_best_epoch5_acc0.7681.pth
  ep  6/30 train_loss=0.5261 train_acc=0.7579 val_loss=0.4952 val_acc=0.7660  [69.8s]
  ep  7/30 train_loss=0.5165 train_acc=0.7634 val_loss=0.4814 val_acc=0.7738  [71.5s]
    new best → fold1_best_epoch7_acc0.7738.pth
  ep  8/30 train_loss=0.5050 train_acc=0.7706 val_loss=0.4614 val_acc=0.7845  [71.0s]
    new best → fold1_best_epoch8_acc0.7845.pth
  ep  9/30 train_loss=0.4900 train_acc=0.7806 val_loss=0.4440 val_acc=0.7934  [70.1s]
    new best → fold1_best_epoch9_acc0.7934.pth
  ep 10/30 train_loss=0.4745 train_acc=0.7909 val_loss=0.4236 val_acc=0.8077  [70.9s]
    new best → fold1_best_epoch10_acc0.8077.pth
  ep 11/30 train_loss=0.4590 train_acc=0.8004 val_loss=0.4128 val_acc=0.8126  [71.2s]
    new best → fold1_best_epoch11_acc0.8126.pth
  ep 12/30 train_loss=0.4463 train_acc=0.8078 val_loss=0.4151 val_acc=0.8108  [72.5s]
  ep 13/30 train_loss=0.4348 train_acc=0.8145 val_loss=0.3825 val_acc=0.8282  [72.3s]
    new best → fold1_best_epoch13_acc0.8282.pth
  ep 14/30 train_loss=0.4255 train_acc=0.8193 val_loss=0.3700 val_acc=0.8387  [70.9s]
    new best → fold1_best_epoch14_acc0.8387.pth
  ep 15/30 train_loss=0.4180 train_acc=0.8240 val_loss=0.3647 val_acc=0.8411  [64.5s]
    new best → fold1_best_epoch15_acc0.8411.pth
  ep 16/30 train_loss=0.4030 train_acc=0.8322 val_loss=0.3568 val_acc=0.8439  [74.4s]
    new best → fold1_best_epoch16_acc0.8439.pth
  ep 17/30 train_loss=0.4010 train_acc=0.8340 val_loss=0.3549 val_acc=0.8456  [71.8s]
    new best → fold1_best_epoch17_acc0.8456.pth
  ep 18/30 train_loss=0.4004 train_acc=0.8344 val_loss=0.3527 val_acc=0.8470  [66.5s]
    new best → fold1_best_epoch18_acc0.8470.pth
  ep 19/30 train_loss=0.3989 train_acc=0.8351 val_loss=0.3534 val_acc=0.8480  [65.1s]
    new best → fold1_best_epoch19_acc0.8480.pth
  ep 20/30 train_loss=0.3985 train_acc=0.8347 val_loss=0.3515 val_acc=0.8477  [66.6s]
  ep 21/30 train_loss=0.3980 train_acc=0.8355 val_loss=0.3502 val_acc=0.8475  [65.0s]
  ep 22/30 train_loss=0.3964 train_acc=0.8366 val_loss=0.3492 val_acc=0.8491  [64.8s]
    new best → fold1_best_epoch22_acc0.8491.pth
  ep 23/30 train_loss=0.3961 train_acc=0.8363 val_loss=0.3519 val_acc=0.8472  [65.7s]
  ep 24/30 train_loss=0.3953 train_acc=0.8371 val_loss=0.3496 val_acc=0.8482  [66.6s]
  ep 25/30 train_loss=0.3942 train_acc=0.8374 val_loss=0.3498 val_acc=0.8486  [72.1s]
  ep 26/30 train_loss=0.3932 train_acc=0.8377 val_loss=0.3514 val_acc=0.8476  [69.3s]
  ep 27/30 train_loss=0.3923 train_acc=0.8387 val_loss=0.3452 val_acc=0.8525  [68.6s]
    new best → fold1_best_epoch27_acc0.8525.pth
  ep 28/30 train_loss=0.3917 train_acc=0.8393 val_loss=0.3479 val_acc=0.8494  [69.2s]
  ep 29/30 train_loss=0.3905 train_acc=0.8396 val_loss=0.3451 val_acc=0.8511  [70.8s]
  ep 30/30 train_loss=0.3907 train_acc=0.8395 val_loss=0.3437 val_acc=0.8517  [68.3s]
FOLD 1 done. best val acc=0.8525  ckpt=/Users/zstar/test/vifi/mot_baseline/checkpoints_loso/full/fold1_best_epoch27_acc0.8525.pth

======================================================================
FOLD 2: test = 18 sequences
======================================================================
Computing feature normalization statistics...
Found 82 sequences (15 indoor, 67 outdoor)
Validation sequences (6): ['20201229_162235', '20211004_144938', '20211004_145735', '20211007_103551', '20211007_104758', '20211007_113544']
Using 58 sequences for train (fold 2)
  Loading sequence 1/58...
  Loading sequence 11/58...
  Loading sequence 21/58...
  Loading sequence 31/58...
  Loading sequence 41/58...
  Loading sequence 51/58...
Total samples: 86053
  Sampling 2002 windows from 86053 total...
  Camera mean: [650.27936   424.97308     5.6102123]
  Camera std:  [312.0531    130.14067     2.2249174]
  Phone mean:  [ 5.1531660e+03  5.4377435e+02 -5.5612856e-01  2.9769475e+00
  8.9846783e+00  2.8727266e-03  3.0575313e-02  6.2009890e-02
 -2.3939564e+00 -1.5283552e+01 -4.4686275e+01]
  Phone std:   [3.2751296e+03 4.2856705e+02 1.7942506e+00 2.5023503e+00 2.5982840e+00
 5.0756669e-01 4.8625919e-01 7.4873191e-01 3.0303457e+01 1.8241114e+01
 2.2968472e+01]
  saved norm_stats to /Users/zstar/test/vifi/mot_baseline/data/affinity_norm_stats_loso_fold2.npz
Found 82 sequences (15 indoor, 67 outdoor)
Validation sequences (6): ['20201229_162235', '20211004_144938', '20211004_145735', '20211007_103551', '20211007_104758', '20211007_113544']
Using 58 sequences for train (fold 2)
  Loading sequence 1/58...
  Loading sequence 11/58...
  Loading sequence 21/58...
  Loading sequence 31/58...
  Loading sequence 41/58...
  Loading sequence 51/58...
Total samples: 86053
Found 82 sequences (15 indoor, 67 outdoor)
Validation sequences (6): ['20201229_162235', '20211004_144938', '20211004_145735', '20211007_103551', '20211007_104758', '20211007_113544']
Using 6 sequences for val (fold 2)
  Loading sequence 1/6...
Total samples: 9451
  train_samples=86053  val_samples=9451
  ep  1/30 train_loss=0.7554 train_acc=0.6129 val_loss=0.5195 val_acc=0.7528  [65.0s]
    new best → fold2_best_epoch1_acc0.7528.pth
  ep  2/30 train_loss=0.5748 train_acc=0.7360 val_loss=0.4954 val_acc=0.7708  [63.3s]
    new best → fold2_best_epoch2_acc0.7708.pth
  ep  3/30 train_loss=0.5472 train_acc=0.7526 val_loss=0.4796 val_acc=0.7827  [63.4s]
    new best → fold2_best_epoch3_acc0.7827.pth
  ep  4/30 train_loss=0.5312 train_acc=0.7618 val_loss=0.4676 val_acc=0.7870  [67.9s]
    new best → fold2_best_epoch4_acc0.7870.pth
  ep  5/30 train_loss=0.5183 train_acc=0.7691 val_loss=0.4716 val_acc=0.7849  [67.6s]
  ep  6/30 train_loss=0.5054 train_acc=0.7772 val_loss=0.4490 val_acc=0.8005  [73.7s]
    new best → fold2_best_epoch6_acc0.8005.pth
  ep  7/30 train_loss=0.4933 train_acc=0.7841 val_loss=0.4412 val_acc=0.8041  [77.8s]
    new best → fold2_best_epoch7_acc0.8041.pth
  ep  8/30 train_loss=0.4769 train_acc=0.7949 val_loss=0.4243 val_acc=0.8132  [76.1s]
    new best → fold2_best_epoch8_acc0.8132.pth
  ep  9/30 train_loss=0.4604 train_acc=0.8053 val_loss=0.3973 val_acc=0.8300  [68.4s]
    new best → fold2_best_epoch9_acc0.8300.pth
  ep 10/30 train_loss=0.4457 train_acc=0.8139 val_loss=0.3839 val_acc=0.8385  [64.3s]
    new best → fold2_best_epoch10_acc0.8385.pth
  ep 11/30 train_loss=0.4324 train_acc=0.8225 val_loss=0.3715 val_acc=0.8450  [66.0s]
    new best → fold2_best_epoch11_acc0.8450.pth
  ep 12/30 train_loss=0.4222 train_acc=0.8291 val_loss=0.3688 val_acc=0.8463  [65.6s]
    new best → fold2_best_epoch12_acc0.8463.pth
  ep 13/30 train_loss=0.4135 train_acc=0.8339 val_loss=0.3553 val_acc=0.8557  [71.1s]
    new best → fold2_best_epoch13_acc0.8557.pth
  ep 14/30 train_loss=0.4043 train_acc=0.8389 val_loss=0.3545 val_acc=0.8554  [65.2s]
  ep 15/30 train_loss=0.3977 train_acc=0.8430 val_loss=0.3477 val_acc=0.8611  [64.8s]
    new best → fold2_best_epoch15_acc0.8611.pth
  ep 16/30 train_loss=0.3838 train_acc=0.8506 val_loss=0.3346 val_acc=0.8671  [71.2s]
    new best → fold2_best_epoch16_acc0.8671.pth
  ep 17/30 train_loss=0.3823 train_acc=0.8514 val_loss=0.3375 val_acc=0.8668  [751.3s]
  ep 18/30 train_loss=0.3807 train_acc=0.8530 val_loss=0.3351 val_acc=0.8676  [1702.2s]
    new best → fold2_best_epoch18_acc0.8676.pth
  ep 19/30 train_loss=0.3811 train_acc=0.8523 val_loss=0.3342 val_acc=0.8679  [4923.8s]
    new best → fold2_best_epoch19_acc0.8679.pth
  ep 20/30 train_loss=0.3788 train_acc=0.8540 val_loss=0.3338 val_acc=0.8685  [10097.9s]
    new best → fold2_best_epoch20_acc0.8685.pth
  ep 21/30 train_loss=0.3787 train_acc=0.8541 val_loss=0.3373 val_acc=0.8666  [10858.7s]
  ep 22/30 train_loss=0.3785 train_acc=0.8545 val_loss=0.3334 val_acc=0.8690  [412.6s]
    new best → fold2_best_epoch22_acc0.8690.pth
  ep 23/30 train_loss=0.3769 train_acc=0.8552 val_loss=0.3348 val_acc=0.8681  [7013.5s]
  ep 24/30 train_loss=0.3764 train_acc=0.8556 val_loss=0.3326 val_acc=0.8698  [354.0s]
    new best → fold2_best_epoch24_acc0.8698.pth
  ep 25/30 train_loss=0.3764 train_acc=0.8555 val_loss=0.3342 val_acc=0.8683  [285.1s]
  ep 26/30 train_loss=0.3749 train_acc=0.8559 val_loss=0.3326 val_acc=0.8688  [104.8s]
  ep 27/30 train_loss=0.3753 train_acc=0.8562 val_loss=0.3325 val_acc=0.8678  [58.2s]
  ep 28/30 train_loss=0.3744 train_acc=0.8571 val_loss=0.3326 val_acc=0.8700  [57.4s]
    new best → fold2_best_epoch28_acc0.8700.pth
  ep 29/30 train_loss=0.3733 train_acc=0.8571 val_loss=0.3310 val_acc=0.8701  [59.9s]
    new best → fold2_best_epoch29_acc0.8701.pth
  ep 30/30 train_loss=0.3728 train_acc=0.8578 val_loss=0.3305 val_acc=0.8711  [58.5s]
    new best → fold2_best_epoch30_acc0.8711.pth
FOLD 2 done. best val acc=0.8711  ckpt=/Users/zstar/test/vifi/mot_baseline/checkpoints_loso/full/fold2_best_epoch30_acc0.8711.pth

======================================================================
FOLD 3: test = 18 sequences
======================================================================
Computing feature normalization statistics...
Found 82 sequences (15 indoor, 67 outdoor)
Validation sequences (6): ['20201223_141456', '20201223_141923', '20211004_142757', '20211004_151020', '20211006_153440', '20211007_143426']
Using 58 sequences for train (fold 3)
  Loading sequence 1/58...
  Loading sequence 11/58...
  Loading sequence 21/58...
  Loading sequence 31/58...
  Loading sequence 41/58...
  Loading sequence 51/58...
Total samples: 86880
  Sampling 2021 windows from 86880 total...
  Camera mean: [668.1474    374.17023     5.5626163]
  Camera std:  [318.62094   120.02175     2.1673262]
  Phone mean:  [ 4.8473750e+03  5.0789319e+02 -6.0689294e-01  2.8674409e+00
  9.0427618e+00  5.7676929e-04  2.8673235e-02  6.3267983e-02
  1.0933402e+00 -1.7851366e+01 -3.9110954e+01]
  Phone std:   [2.9081072e+03 3.7377057e+02 1.8530561e+00 2.4486821e+00 2.7394526e+00
 5.2281767e-01 4.8372263e-01 7.6430547e-01 2.2130484e+01 3.0245775e+01
 1.0930303e+01]
  saved norm_stats to /Users/zstar/test/vifi/mot_baseline/data/affinity_norm_stats_loso_fold3.npz
Found 82 sequences (15 indoor, 67 outdoor)
Validation sequences (6): ['20201223_141456', '20201223_141923', '20211004_142757', '20211004_151020', '20211006_153440', '20211007_143426']
Using 58 sequences for train (fold 3)
  Loading sequence 1/58...
  Loading sequence 11/58...
  Loading sequence 21/58...
  Loading sequence 31/58...
  Loading sequence 41/58...
  Loading sequence 51/58...
Total samples: 86880
Found 82 sequences (15 indoor, 67 outdoor)
Validation sequences (6): ['20201223_141456', '20201223_141923', '20211004_142757', '20211004_151020', '20211006_153440', '20211007_143426']
Using 6 sequences for val (fold 3)
  Loading sequence 1/6...
Total samples: 8218
  train_samples=86880  val_samples=8218
  ep  1/30 train_loss=0.7370 train_acc=0.6392 val_loss=0.4915 val_acc=0.7772  [57.9s]
    new best → fold3_best_epoch1_acc0.7772.pth
  ep  2/30 train_loss=0.5348 train_acc=0.7637 val_loss=0.4660 val_acc=0.7914  [58.1s]
    new best → fold3_best_epoch2_acc0.7914.pth
  ep  3/30 train_loss=0.5117 train_acc=0.7762 val_loss=0.4450 val_acc=0.8004  [57.3s]
    new best → fold3_best_epoch3_acc0.8004.pth
  ep  4/30 train_loss=0.4972 train_acc=0.7833 val_loss=0.4371 val_acc=0.8044  [57.5s]
    new best → fold3_best_epoch4_acc0.8044.pth
  ep  5/30 train_loss=0.4854 train_acc=0.7895 val_loss=0.4255 val_acc=0.8139  [60.2s]
    new best → fold3_best_epoch5_acc0.8139.pth
  ep  6/30 train_loss=0.4757 train_acc=0.7945 val_loss=0.4340 val_acc=0.8091  [58.3s]
  ep  7/30 train_loss=0.4663 train_acc=0.8003 val_loss=0.4304 val_acc=0.8144  [58.8s]
    new best → fold3_best_epoch7_acc0.8144.pth
  ep  8/30 train_loss=0.4582 train_acc=0.8047 val_loss=0.4067 val_acc=0.8273  [73.2s]
    new best → fold3_best_epoch8_acc0.8273.pth
  ep  9/30 train_loss=0.4503 train_acc=0.8090 val_loss=0.4026 val_acc=0.8313  [65.8s]
    new best → fold3_best_epoch9_acc0.8313.pth
  ep 10/30 train_loss=0.4409 train_acc=0.8149 val_loss=0.4044 val_acc=0.8332  [79.4s]
    new best → fold3_best_epoch10_acc0.8332.pth
  ep 11/30 train_loss=0.4321 train_acc=0.8211 val_loss=0.3715 val_acc=0.8507  [70.5s]
    new best → fold3_best_epoch11_acc0.8507.pth
  ep 12/30 train_loss=0.4209 train_acc=0.8283 val_loss=0.3807 val_acc=0.8449  [64.5s]
  ep 13/30 train_loss=0.4114 train_acc=0.8342 val_loss=0.3693 val_acc=0.8552  [65.0s]
    new best → fold3_best_epoch13_acc0.8552.pth
  ep 14/30 train_loss=0.4006 train_acc=0.8408 val_loss=0.3680 val_acc=0.8560  [65.4s]
    new best → fold3_best_epoch14_acc0.8560.pth
  ep 15/30 train_loss=0.3940 train_acc=0.8449 val_loss=0.3725 val_acc=0.8548  [61.2s]
  ep 16/30 train_loss=0.3801 train_acc=0.8528 val_loss=0.3683 val_acc=0.8587  [61.2s]
    new best → fold3_best_epoch16_acc0.8587.pth
  ep 17/30 train_loss=0.3779 train_acc=0.8541 val_loss=0.3631 val_acc=0.8618  [69.8s]
    new best → fold3_best_epoch17_acc0.8618.pth
  ep 18/30 train_loss=0.3770 train_acc=0.8548 val_loss=0.3638 val_acc=0.8603  [72.1s]
  ep 19/30 train_loss=0.3765 train_acc=0.8553 val_loss=0.3643 val_acc=0.8604  [73.7s]
  ep 20/30 train_loss=0.3749 train_acc=0.8561 val_loss=0.3612 val_acc=0.8605  [70.1s]
  ep 21/30 train_loss=0.3741 train_acc=0.8561 val_loss=0.3620 val_acc=0.8602  [58.1s]
  ep 22/30 train_loss=0.3733 train_acc=0.8566 val_loss=0.3651 val_acc=0.8601  [63.8s]
  ep 23/30 train_loss=0.3725 train_acc=0.8577 val_loss=0.3623 val_acc=0.8612  [73.4s]
  ep 24/30 train_loss=0.3714 train_acc=0.8576 val_loss=0.3608 val_acc=0.8632  [76.6s]
    new best → fold3_best_epoch24_acc0.8632.pth
  ep 25/30 train_loss=0.3704 train_acc=0.8585 val_loss=0.3611 val_acc=0.8621  [78.1s]
  ep 26/30 train_loss=0.3704 train_acc=0.8582 val_loss=0.3609 val_acc=0.8616  [89.4s]
  ep 27/30 train_loss=0.3701 train_acc=0.8588 val_loss=0.3611 val_acc=0.8616  [77.2s]
  ep 28/30 train_loss=0.3690 train_acc=0.8591 val_loss=0.3608 val_acc=0.8629  [66.4s]
  ep 29/30 train_loss=0.3681 train_acc=0.8598 val_loss=0.3617 val_acc=0.8618  [62.0s]
  ep 30/30 train_loss=0.3676 train_acc=0.8601 val_loss=0.3647 val_acc=0.8591  [63.2s]
FOLD 3 done. best val acc=0.8632  ckpt=/Users/zstar/test/vifi/mot_baseline/checkpoints_loso/full/fold3_best_epoch24_acc0.8632.pth

======================================================================
FOLD 4: test = 15 sequences
======================================================================
Computing feature normalization statistics...
Found 82 sequences (15 indoor, 67 outdoor)
Validation sequences (7): ['20201223_141923', '20201223_142404', '20211004_150217', '20211006_144842', '20211007_103551', '20211007_105139', '20211007_111830']
Using 60 sequences for train (fold 4)
  Loading sequence 1/60...
  Loading sequence 11/60...
  Loading sequence 21/60...
  Loading sequence 31/60...
  Loading sequence 41/60...
  Loading sequence 51/60...
Total samples: 90392
  Sampling 2009 windows from 90392 total...
  Camera mean: [612.54694  443.27155    5.613923]
  Camera std:  [333.01025   103.86351     2.1064594]
  Phone mean:  [ 5.0974707e+03  4.6518262e+02 -6.1571175e-01  2.9460533e+00
  9.0091095e+00  1.7149858e-03  3.0995758e-02  5.2986365e-02
  8.6873734e-01 -1.7154461e+01 -4.6760578e+01]
  Phone std:   [3.0946633e+03 3.4093777e+02 1.8606272e+00 2.4810946e+00 2.7633259e+00
 5.3769743e-01 4.8201075e-01 7.3625016e-01 2.9080927e+01 2.9282465e+01
 2.2354342e+01]
  saved norm_stats to /Users/zstar/test/vifi/mot_baseline/data/affinity_norm_stats_loso_fold4.npz
Found 82 sequences (15 indoor, 67 outdoor)
Validation sequences (7): ['20201223_141923', '20201223_142404', '20211004_150217', '20211006_144842', '20211007_103551', '20211007_105139', '20211007_111830']
Using 60 sequences for train (fold 4)
  Loading sequence 1/60...
  Loading sequence 11/60...
  Loading sequence 21/60...
  Loading sequence 31/60...
  Loading sequence 41/60...
  Loading sequence 51/60...
Total samples: 90392
Found 82 sequences (15 indoor, 67 outdoor)
Validation sequences (7): ['20201223_141923', '20201223_142404', '20211004_150217', '20211006_144842', '20211007_103551', '20211007_105139', '20211007_111830']
Using 7 sequences for val (fold 4)
  Loading sequence 1/7...
Total samples: 10107
  train_samples=90392  val_samples=10107
  ep  1/30 train_loss=0.6990 train_acc=0.6529 val_loss=0.5466 val_acc=0.7345  [65.7s]
    new best → fold4_best_epoch1_acc0.7345.pth
  ep  2/30 train_loss=0.5439 train_acc=0.7514 val_loss=0.5379 val_acc=0.7358  [67.5s]
    new best → fold4_best_epoch2_acc0.7358.pth
  ep  3/30 train_loss=0.5214 train_acc=0.7643 val_loss=0.5026 val_acc=0.7589  [79.0s]
    new best → fold4_best_epoch3_acc0.7589.pth
  ep  4/30 train_loss=0.5083 train_acc=0.7721 val_loss=0.4921 val_acc=0.7659  [74.4s]
    new best → fold4_best_epoch4_acc0.7659.pth
  ep  5/30 train_loss=0.4963 train_acc=0.7790 val_loss=0.4787 val_acc=0.7740  [72.0s]
    new best → fold4_best_epoch5_acc0.7740.pth
  ep  6/30 train_loss=0.4852 train_acc=0.7853 val_loss=0.4668 val_acc=0.7814  [74.0s]
    new best → fold4_best_epoch6_acc0.7814.pth
  ep  7/30 train_loss=0.4759 train_acc=0.7906 val_loss=0.4734 val_acc=0.7809  [73.8s]
  ep  8/30 train_loss=0.4670 train_acc=0.7968 val_loss=0.4450 val_acc=0.7973  [71.8s]
    new best → fold4_best_epoch8_acc0.7973.pth
  ep  9/30 train_loss=0.4571 train_acc=0.8029 val_loss=0.4336 val_acc=0.8050  [80.5s]
    new best → fold4_best_epoch9_acc0.8050.pth
  ep 10/30 train_loss=0.4453 train_acc=0.8103 val_loss=0.4203 val_acc=0.8145  [78.5s]
    new best → fold4_best_epoch10_acc0.8145.pth
  ep 11/30 train_loss=0.4335 train_acc=0.8183 val_loss=0.4238 val_acc=0.8120  [81.0s]
  ep 12/30 train_loss=0.4222 train_acc=0.8256 val_loss=0.4193 val_acc=0.8125  [75.0s]
  ep 13/30 train_loss=0.4116 train_acc=0.8320 val_loss=0.3917 val_acc=0.8319  [70.0s]
    new best → fold4_best_epoch13_acc0.8319.pth
  ep 14/30 train_loss=0.4012 train_acc=0.8389 val_loss=0.3884 val_acc=0.8326  [64.1s]
    new best → fold4_best_epoch14_acc0.8326.pth
  ep 15/30 train_loss=0.3917 train_acc=0.8434 val_loss=0.3709 val_acc=0.8456  [65.2s]
    new best → fold4_best_epoch15_acc0.8456.pth
  ep 16/30 train_loss=0.3775 train_acc=0.8514 val_loss=0.3640 val_acc=0.8480  [70.3s]
    new best → fold4_best_epoch16_acc0.8480.pth
  ep 17/30 train_loss=0.3753 train_acc=0.8532 val_loss=0.3611 val_acc=0.8499  [66.9s]
    new best → fold4_best_epoch17_acc0.8499.pth
  ep 18/30 train_loss=0.3741 train_acc=0.8536 val_loss=0.3610 val_acc=0.8500  [69.5s]
    new best → fold4_best_epoch18_acc0.8500.pth
  ep 19/30 train_loss=0.3738 train_acc=0.8543 val_loss=0.3617 val_acc=0.8496  [77.8s]
  ep 20/30 train_loss=0.3729 train_acc=0.8547 val_loss=0.3594 val_acc=0.8508  [68.3s]
    new best → fold4_best_epoch20_acc0.8508.pth
  ep 21/30 train_loss=0.3719 train_acc=0.8553 val_loss=0.3607 val_acc=0.8502  [73.4s]
  ep 22/30 train_loss=0.3711 train_acc=0.8555 val_loss=0.3596 val_acc=0.8496  [67.8s]
  ep 23/30 train_loss=0.3710 train_acc=0.8556 val_loss=0.3624 val_acc=0.8493  [70.0s]
  ep 24/30 train_loss=0.3698 train_acc=0.8561 val_loss=0.3580 val_acc=0.8523  [69.8s]
    new best → fold4_best_epoch24_acc0.8523.pth
  ep 25/30 train_loss=0.3689 train_acc=0.8570 val_loss=0.3572 val_acc=0.8519  [69.2s]
  ep 26/30 train_loss=0.3686 train_acc=0.8572 val_loss=0.3575 val_acc=0.8513  [71.0s]
  ep 27/30 train_loss=0.3671 train_acc=0.8578 val_loss=0.3556 val_acc=0.8520  [70.3s]
  ep 28/30 train_loss=0.3664 train_acc=0.8586 val_loss=0.3561 val_acc=0.8522  [72.0s]
  ep 29/30 train_loss=0.3661 train_acc=0.8581 val_loss=0.3545 val_acc=0.8536  [65.5s]
    new best → fold4_best_epoch29_acc0.8536.pth
  ep 30/30 train_loss=0.3652 train_acc=0.8587 val_loss=0.3535 val_acc=0.8535  [78.1s]
FOLD 4 done. best val acc=0.8536  ckpt=/Users/zstar/test/vifi/mot_baseline/checkpoints_loso/full/fold4_best_epoch29_acc0.8536.pth
